// Jest Snapshot v1, https://goo.gl/fbAQLP

exports[`CdkTestStudyStack snapshot 1`] = `
{
  "Parameters": {
    "BootstrapVersion": {
      "Default": "/cdk-bootstrap/hnb659fds/version",
      "Description": "Version of the CDK Bootstrap resources in this environment, automatically retrieved from SSM Parameter Store. [cdk:skip]",
      "Type": "AWS::SSM::Parameter::Value<String>",
    },
  },
  "Resources": {
    "CdkTestStudyVpcCdkTestStudyPrivateSubnet1RouteTableAssociationAD59FD5B": {
      "Properties": {
        "RouteTableId": {
          "Ref": "CdkTestStudyVpcCdkTestStudyPrivateSubnet1RouteTableBB6508F0",
        },
        "SubnetId": {
          "Ref": "CdkTestStudyVpcCdkTestStudyPrivateSubnet1Subnet8D6AE612",
        },
      },
      "Type": "AWS::EC2::SubnetRouteTableAssociation",
    },
    "CdkTestStudyVpcCdkTestStudyPrivateSubnet1RouteTableBB6508F0": {
      "Properties": {
        "Tags": [
          {
            "Key": "Name",
            "Value": "MyTestStack/CdkTestStudyVpc/CdkTestStudyPrivateSubnet1",
          },
        ],
        "VpcId": {
          "Ref": "CdkTestStudyVpcD7D81CBC",
        },
      },
      "Type": "AWS::EC2::RouteTable",
    },
    "CdkTestStudyVpcCdkTestStudyPrivateSubnet1Subnet8D6AE612": {
      "Properties": {
        "AvailabilityZone": {
          "Fn::Select": [
            0,
            {
              "Fn::GetAZs": "",
            },
          ],
        },
        "CidrBlock": "10.0.0.0/24",
        "MapPublicIpOnLaunch": false,
        "Tags": [
          {
            "Key": "aws-cdk:subnet-name",
            "Value": "CdkTestStudyPrivate",
          },
          {
            "Key": "aws-cdk:subnet-type",
            "Value": "Isolated",
          },
          {
            "Key": "Name",
            "Value": "MyTestStack/CdkTestStudyVpc/CdkTestStudyPrivateSubnet1",
          },
        ],
        "VpcId": {
          "Ref": "CdkTestStudyVpcD7D81CBC",
        },
      },
      "Type": "AWS::EC2::Subnet",
    },
    "CdkTestStudyVpcCdkTestStudyPrivateSubnet2RouteTableAssociation9690DDA4": {
      "Properties": {
        "RouteTableId": {
          "Ref": "CdkTestStudyVpcCdkTestStudyPrivateSubnet2RouteTableEAA6E089",
        },
        "SubnetId": {
          "Ref": "CdkTestStudyVpcCdkTestStudyPrivateSubnet2SubnetEF7C3034",
        },
      },
      "Type": "AWS::EC2::SubnetRouteTableAssociation",
    },
    "CdkTestStudyVpcCdkTestStudyPrivateSubnet2RouteTableEAA6E089": {
      "Properties": {
        "Tags": [
          {
            "Key": "Name",
            "Value": "MyTestStack/CdkTestStudyVpc/CdkTestStudyPrivateSubnet2",
          },
        ],
        "VpcId": {
          "Ref": "CdkTestStudyVpcD7D81CBC",
        },
      },
      "Type": "AWS::EC2::RouteTable",
    },
    "CdkTestStudyVpcCdkTestStudyPrivateSubnet2SubnetEF7C3034": {
      "Properties": {
        "AvailabilityZone": {
          "Fn::Select": [
            1,
            {
              "Fn::GetAZs": "",
            },
          ],
        },
        "CidrBlock": "10.0.1.0/24",
        "MapPublicIpOnLaunch": false,
        "Tags": [
          {
            "Key": "aws-cdk:subnet-name",
            "Value": "CdkTestStudyPrivate",
          },
          {
            "Key": "aws-cdk:subnet-type",
            "Value": "Isolated",
          },
          {
            "Key": "Name",
            "Value": "MyTestStack/CdkTestStudyVpc/CdkTestStudyPrivateSubnet2",
          },
        ],
        "VpcId": {
          "Ref": "CdkTestStudyVpcD7D81CBC",
        },
      },
      "Type": "AWS::EC2::Subnet",
    },
    "CdkTestStudyVpcD7D81CBC": {
      "Properties": {
        "CidrBlock": "10.0.0.0/16",
        "EnableDnsHostnames": true,
        "EnableDnsSupport": true,
        "InstanceTenancy": "default",
        "Tags": [
          {
            "Key": "Name",
            "Value": "MyTestStack/CdkTestStudyVpc",
          },
        ],
      },
      "Type": "AWS::EC2::VPC",
    },
    "CdkTestStudyVpcFlowLog730870D1": {
      "Properties": {
        "DeliverLogsPermissionArn": {
          "Fn::GetAtt": [
            "CdkTestStudyVpcFlowLogIAMRoleA656254A",
            "Arn",
          ],
        },
        "LogDestinationType": "cloud-watch-logs",
        "LogGroupName": {
          "Ref": "CdkTestStudyVpcFlowLogLogGroup0ECEBEC6",
        },
        "ResourceId": {
          "Ref": "CdkTestStudyVpcD7D81CBC",
        },
        "ResourceType": "VPC",
        "Tags": [
          {
            "Key": "Name",
            "Value": "MyTestStack/CdkTestStudyVpcFlowLog",
          },
        ],
        "TrafficType": "ALL",
      },
      "Type": "AWS::EC2::FlowLog",
    },
    "CdkTestStudyVpcFlowLogIAMRoleA656254A": {
      "Properties": {
        "AssumeRolePolicyDocument": {
          "Statement": [
            {
              "Action": "sts:AssumeRole",
              "Effect": "Allow",
              "Principal": {
                "Service": "vpc-flow-logs.amazonaws.com",
              },
            },
          ],
          "Version": "2012-10-17",
        },
        "Tags": [
          {
            "Key": "Name",
            "Value": "MyTestStack/CdkTestStudyVpcFlowLog",
          },
        ],
      },
      "Type": "AWS::IAM::Role",
    },
    "CdkTestStudyVpcFlowLogIAMRoleDefaultPolicy03FFE708": {
      "Properties": {
        "PolicyDocument": {
          "Statement": [
            {
              "Action": [
                "logs:CreateLogStream",
                "logs:PutLogEvents",
                "logs:DescribeLogStreams",
              ],
              "Effect": "Allow",
              "Resource": {
                "Fn::GetAtt": [
                  "CdkTestStudyVpcFlowLogLogGroup0ECEBEC6",
                  "Arn",
                ],
              },
            },
            {
              "Action": "iam:PassRole",
              "Effect": "Allow",
              "Resource": {
                "Fn::GetAtt": [
                  "CdkTestStudyVpcFlowLogIAMRoleA656254A",
                  "Arn",
                ],
              },
            },
          ],
          "Version": "2012-10-17",
        },
        "PolicyName": "CdkTestStudyVpcFlowLogIAMRoleDefaultPolicy03FFE708",
        "Roles": [
          {
            "Ref": "CdkTestStudyVpcFlowLogIAMRoleA656254A",
          },
        ],
      },
      "Type": "AWS::IAM::Policy",
    },
    "CdkTestStudyVpcFlowLogLogGroup0ECEBEC6": {
      "DeletionPolicy": "Retain",
      "Properties": {
        "RetentionInDays": 731,
        "Tags": [
          {
            "Key": "Name",
            "Value": "MyTestStack/CdkTestStudyVpcFlowLog",
          },
        ],
      },
      "Type": "AWS::Logs::LogGroup",
      "UpdateReplacePolicy": "Retain",
    },
  },
  "Rules": {
    "CheckBootstrapVersion": {
      "Assertions": [
        {
          "Assert": {
            "Fn::Not": [
              {
                "Fn::Contains": [
                  [
                    "1",
                    "2",
                    "3",
                    "4",
                    "5",
                  ],
                  {
                    "Ref": "BootstrapVersion",
                  },
                ],
              },
            ],
          },
          "AssertDescription": "CDK bootstrap stack version 6 required. Please run 'cdk bootstrap' with a recent version of the CDK CLI.",
        },
      ],
    },
  },
}
`;
